<?xml version="1.0" encoding="UTF-8"?>
<testsuites name="jest tests" tests="2" failures="0" errors="0" time="1.858">
  <testsuite name="Home component" errors="0" failures="0" skipped="0" timestamp="2025-08-28T10:24:20" time="1.024" tests="2">
    <testcase classname="Home component renders without crashing" name="Home component renders without crashing" time="0.018">
    </testcase>
    <testcase classname="Home component renders a &quot;View Portfolio&quot; link" name="Home component renders a &quot;View Portfolio&quot; link" time="0.04">
    </testcase>
  </testsuite>
</testsuites>